PS C:\Users\nyaaa\Desktop\git_challenge> git init
Initialized empty Git repository in C:/Users/nyaaa/Desktop/git_challenge/.git/
PS C:\Users\nyaaa\Desktop\git_challenge> git add .
PS C:\Users\nyaaa\Desktop\git_challenge> git commit -m"hello_world.txtを追加"
[main (root-commit) ac6a497] hello_world.txtを追加
 1 file changed, 1 insertion(+)
 create mode 100644 hello_world.txt
PS C:\Users\nyaaa\Desktop\git_challenge> git log --oneline
ac6a497 (HEAD -> main) hello_world.txtを追加
PS C:\Users\nyaaa\Desktop\git_challenge> git add .
PS C:\Users\nyaaa\Desktop\git_challenge> git commit -m "日本語訳を追加"
[main 1892cf2] 日本語訳を追加
 1 file changed, 2 insertions(+), 1 deletion(-)
PS C:\Users\nyaaa\Desktop\git_challenge> git log --oneline
1892cf2 (HEAD -> main) 日本語訳を追加
ac6a497 hello_world.txtを追加